../Src/main.c:133:5:main	72	static
../Src/main.c:288:6:SystemClock_Config	96	static
../Src/main.c:339:13:MX_DAC1_Init	48	static
../Src/main.c:383:13:MX_I2C2_Init	8	static
../Src/main.c:431:13:MX_OCTOSPI1_Init	8	static
../Src/main.c:470:13:MX_TIM2_Init	40	static
../Src/main.c:515:13:MX_USART1_UART_Init	8	static
../Src/main.c:563:13:MX_GPIO_Init	40	static
../Src/main.c:586:6:HAL_GPIO_EXTI_Callback	128	static
../Src/main.c:617:6:StartDefaultTask	16	static
../Src/main.c:636:6:StartTask02	24	static
../Src/main.c:728:6:HAL_TIM_PeriodElapsedCallback	32	static
../Src/main.c:754:6:Error_Handler	4	static,ignoring_inline_asm
